../Core/Src/LoRa.c:19:6:newLoRa	72	static
../Core/Src/LoRa.c:42:6:LoRa_reset	16	static
../Core/Src/LoRa.c:60:6:LoRa_gotoMode	24	static
../Core/Src/LoRa.c:104:6:LoRa_readReg	24	static
../Core/Src/LoRa.c:129:6:LoRa_writeReg	24	static
../Core/Src/LoRa.c:151:6:LoRa_setLowDaraRateOptimization	24	static
../Core/Src/LoRa.c:176:6:LoRa_setAutoLDO	96	static
../Core/Src/LoRa.c:193:6:LoRa_setFrequency	24	static
../Core/Src/LoRa.c:225:6:LoRa_setSpreadingFactor	24	static
../Core/Src/LoRa.c:255:6:LoRa_setPower	16	static
../Core/Src/LoRa.c:269:6:LoRa_setAddr	16	static
../Core/Src/LoRa.c:286:6:LoRa_setOCP	24	static
../Core/Src/LoRa.c:314:6:LoRa_setTOMsb_setCRCon	24	static
../Core/Src/LoRa.c:334:6:LoRa_setSyncWord	16	static
../Core/Src/LoRa.c:350:9:LoRa_read	32	static
../Core/Src/LoRa.c:373:6:LoRa_write	32	static
../Core/Src/LoRa.c:395:6:LoRa_BurstWrite	32	static
../Core/Src/LoRa.c:423:9:LoRa_isvalid	16	static
../Core/Src/LoRa.c:440:9:LoRa_transmit	32	static
../Core/Src/LoRa.c:477:6:LoRa_startReceiving	16	static
../Core/Src/LoRa.c:493:9:LoRa_receive	48	static
../Core/Src/LoRa.c:526:5:LoRa_getRSSI	24	static
../Core/Src/LoRa.c:542:10:LoRa_init	24	static
